// Jest Snapshot v1, https://goo.gl/fbAQLP

exports[`Badge should be rendered correctly 1`] = `
<button
  className="container uui-button-box uui-enabled size-36 fill-solid badge-color-blue root"
  onClick={[Function]}
  tabIndex={-1}
  type="button"
/>
`;

exports[`Badge should be rendered correctly with props 1`] = `
<button
  className="container uui-button-box uui-enabled -clickable size-36 fill-semitransparent badge-color-amber root"
  onClick={[Function]}
  tabIndex={0}
  type="button"
>
  <div
    className="container uui-icon uui-enabled -clickable"
    onClick={[Function]}
    style={Object {}}
  >
    <SvgrURL
      className=""
    />
  </div>
  <div
    className="uui-count"
  >
    12
  </div>
  <div
    className="uui-caption"
  >
    Test badge
  </div>
  <div
    className="container uui-icon uui-enabled -clickable -clickable"
    onClick={[Function]}
    style={Object {}}
  >
    <svg
      className=""
    />
  </div>
</button>
`;
