// Jest Snapshot v1, https://goo.gl/fbAQLP

exports[`ControlWrapper should be rendered correctly 1`] = `
<div
  className="root size-36"
>
  <button
    className="container uui-button-box uui-enabled button-vars button-primary root size-36 mode-solid uui-theme-promo"
    onClick={[Function]}
    tabIndex={-1}
    type="button"
  >
    <div
      className="uui-caption"
    >
      On
    </div>
  </button>
  <button
    className="container uui-button-box uui-enabled button-vars button-green root size-36 mode-solid uui-theme-promo"
    onClick={[Function]}
    tabIndex={-1}
    type="button"
  >
    <div
      className="uui-caption"
    >
      Off
    </div>
  </button>
</div>
`;
