// Jest Snapshot v1, https://goo.gl/fbAQLP

exports[`VirtualList should be rendered correctly 1`] = `
<div
  className="wrapper root"
>
  <div
    className="body"
    style={
      Object {
        "height": "auto",
        "maxHeight": 100500,
        "minHeight": 0,
        "overflow": "hidden",
        "position": "relative",
        "width": "100%",
      }
    }
  >
    <div
      className="container1"
      style={
        Object {
          "WebkitOverflowScrolling": "touch",
          "bottom": undefined,
          "left": undefined,
          "marginBottom": 0,
          "marginRight": 0,
          "maxHeight": 100500,
          "minHeight": 0,
          "overflow": "scroll",
          "position": "relative",
          "right": undefined,
          "top": undefined,
        }
      }
    >
      <div
        className="container2"
        style={
          Object {
            "minHeight": null,
          }
        }
      >
        <div
          className="container3"
          role="listbox"
          style={
            Object {
              "marginTop": 0,
            }
          }
        />
      </div>
    </div>
    <div
      style={
        Object {
          "borderRadius": 3,
          "bottom": 2,
          "display": "none",
          "height": 6,
          "left": 2,
          "position": "absolute",
          "right": 2,
        }
      }
    >
      <div
        className="uui-thumb-horizontal"
      />
    </div>
    <div
      style={
        Object {
          "borderRadius": 3,
          "bottom": 2,
          "display": "none",
          "position": "absolute",
          "right": 2,
          "top": 2,
          "width": 6,
        }
      }
    >
      <div
        className="uui-thumb-vertical"
      />
    </div>
  </div>
  <div
    className="uui-scroll-shadow-top"
  />
  <div
    className="uui-scroll-shadow-bottom"
  />
</div>
`;
