// Jest Snapshot v1, https://goo.gl/fbAQLP

exports[`ColumnsConfigurationModal should be rendered correctly 1`] = `
<div
  className="container modalBlocker shadow-dark"
  style={
    Object {
      "zIndex": 1,
    }
  }
>
  <div
    className="uui-modal-blocker"
    onClick={[Function]}
  />
  <div
    data-focus-guard={true}
    style={
      Object {
        "height": "0px",
        "left": "1px",
        "overflow": "hidden",
        "padding": 0,
        "position": "fixed",
        "top": "1px",
        "width": "1px",
      }
    }
    tabIndex={0}
  />
  <div
    data-focus-guard={true}
    style={
      Object {
        "height": "0px",
        "left": "1px",
        "overflow": "hidden",
        "padding": 0,
        "position": "fixed",
        "top": "1px",
        "width": "1px",
      }
    }
    tabIndex={1}
  />
  <div
    data-focus-lock-disabled={false}
    onBlur={[Function]}
    onFocus={[Function]}
  >
    <div
      aria-modal={true}
      className="uui-modal-window modal width-420 height-700 container"
      role="modal"
    >
      <div
        className="root size-36 background-none padding-24 vPadding-12 spacing-6 modalHeader container align-items-center"
      >
        <div
          className="text font-sans-semibold color-night700 line-height-24 font-size-18 v-padding-12 container"
        >
          Configure columns
        </div>
        <div
          className="flexSpacer"
        />
        <div
          className=""
          style={
            Object {
              "alignSelf": undefined,
              "flexBasis": "auto",
              "flexGrow": undefined,
              "flexShrink": 0,
              "minWidth": 0,
              "textAlign": undefined,
            }
          }
        >
          <button
            className="container uui-button-box uui-enabled -clickable root color-night600"
            href={null}
            onClick={[Function]}
            role="button"
            tabIndex={0}
            type="button"
          >
            <div
              className="container uui-icon uui-enabled"
              style={Object {}}
            >
              <svg
                className=""
              />
            </div>
          </button>
        </div>
      </div>
      <div
        className="root size-36 background-none padding-24 border-bottom-night400 spacing-12 searchArea container align-items-center"
      >
        <div
          className="container uui-input-box -clickable colorSky root size-30 mode-form"
          onBlur={[Function]}
          onFocus={[Function]}
          tabIndex={-1}
        >
          <div
            className="container uui-icon uui-enabled"
            style={Object {}}
          >
            <svg
              className=""
            />
          </div>
          <input
            className="uui-input line-height-18 font-size-14 v-padding-5"
            inputMode="search"
            onChange={[Function]}
            onKeyDown={[Function]}
            placeholder="Search by column name"
            tabIndex={0}
            type="search"
            value=""
          />
        </div>
        <button
          className="container uui-button-box uui-enabled -clickable root size-30 color-night500 fill-white style-square actionsMenu"
          href={null}
          onClick={[Function]}
          role="button"
          tabIndex={0}
          type="button"
        >
          <div
            className="container uui-icon uui-enabled"
            style={Object {}}
          >
            <svg
              className=""
            />
          </div>
        </button>
      </div>
      <div
        className="root background-white mainPanel container"
      >
        <div
          className="root root theme-light"
          cx={
            Array [
              Array [
                "root",
                "theme-light",
              ],
              undefined,
            ]
          }
          style={
            Object {
              "display": "flex",
              "height": "100%",
              "overflow": "hidden",
              "position": "relative",
              "width": "100%",
            }
          }
        >
          <div
            style={
              Object {
                "WebkitOverflowScrolling": "touch",
                "bottom": 0,
                "flex": "1 1 auto",
                "left": 0,
                "marginBottom": 0,
                "marginRight": 0,
                "overflow": "scroll",
                "position": "relative",
                "right": 0,
                "top": 0,
              }
            }
          >
            <div
              className="root size-36 background-none padding-24 spacing-6 groupTitle container align-items-center"
            >
              <div
                className="text font-sans-semibold color-night700 line-height-24 font-size-14 v-padding-6 container"
              >
                Displayed in table
              </div>
              <button
                className="container uui-button-box uui-enabled root style-square size-18 fill-solid color-night300 root"
                href={null}
                onClick={[Function]}
                role="button"
                tabIndex={-1}
                type="button"
              >
                <div
                  className="uui-caption"
                >
                  2
                </div>
              </button>
            </div>
            <div
              className="root size-36 background-none spacing-null groupItems container align-items-center"
            >
              <div
                className="root size-30 background-none spacing-null rowWrapper notPinned -draggable container align-items-center"
                onPointerEnter={[Function]}
                onPointerLeave={[Function]}
                onPointerMove={[Function]}
                onPointerUp={[Function]}
              >
                <div
                  className="root size-30 background-white spacing-6 title container align-items-center"
                >
                  <div
                    className="dragHandle container uui-drag-handle"
                    onPointerDown={[Function]}
                    onTouchStart={[Function]}
                  />
                  <label
                    className="container root size-18 theme-light mode-form color-sky uui-disabled"
                    tabIndex={-1}
                  >
                    <div
                      className="uui-checkbox uui-checked"
                    >
                      <input
                        aria-checked={true}
                        aria-disabled={true}
                        checked={true}
                        disabled={true}
                        onChange={[Function]}
                        tabIndex={-1}
                        type="checkbox"
                      />
                      <div
                        className="container uui-icon uui-enabled"
                        style={Object {}}
                      >
                        <svg
                          className=""
                        />
                      </div>
                    </div>
                    <div
                      className="uui-input-label"
                    >
                      ID
                    </div>
                  </label>
                </div>
                <div
                  className="flexSpacer"
                />
                <div
                  className="root size-30 background-none spacing-null pinIconButton container align-items-center"
                >
                  <span
                    onMouseOut={[Function]}
                    onMouseOver={[Function]}
                  >
                    <button
                      aria-disabled={false}
                      className="container uui-button-box uui-enabled -clickable root color-night600"
                      href={null}
                      onClick={[Function]}
                      role="button"
                      tabIndex={0}
                      type="button"
                    >
                      <div
                        className="container uui-icon uui-enabled"
                        style={Object {}}
                      >
                        <svg
                          className=""
                        />
                      </div>
                    </button>
                  </span>
                </div>
              </div>
              <div
                className="root size-30 background-none spacing-null rowWrapper notPinned -draggable container align-items-center"
                onPointerEnter={[Function]}
                onPointerLeave={[Function]}
                onPointerMove={[Function]}
                onPointerUp={[Function]}
              >
                <div
                  className="root size-30 background-white spacing-6 title container align-items-center"
                >
                  <div
                    className="dragHandle container uui-drag-handle"
                    onPointerDown={[Function]}
                    onTouchStart={[Function]}
                  />
                  <label
                    className="container root size-18 theme-light mode-form color-sky uui-disabled"
                    tabIndex={-1}
                  >
                    <div
                      className="uui-checkbox uui-checked"
                    >
                      <input
                        aria-checked={true}
                        aria-disabled={true}
                        checked={true}
                        disabled={true}
                        onChange={[Function]}
                        tabIndex={-1}
                        type="checkbox"
                      />
                      <div
                        className="container uui-icon uui-enabled"
                        style={Object {}}
                      >
                        <svg
                          className=""
                        />
                      </div>
                    </div>
                    <div
                      className="uui-input-label"
                    >
                      Level
                    </div>
                  </label>
                </div>
                <div
                  className="flexSpacer"
                />
                <div
                  className="root size-30 background-none spacing-null pinIconButton container align-items-center"
                >
                  <span
                    onMouseOut={[Function]}
                    onMouseOver={[Function]}
                  >
                    <button
                      aria-disabled={false}
                      className="container uui-button-box uui-enabled -clickable root color-night600"
                      href={null}
                      onClick={[Function]}
                      role="button"
                      tabIndex={0}
                      type="button"
                    >
                      <div
                        className="container uui-icon uui-enabled"
                        style={Object {}}
                      >
                        <svg
                          className=""
                        />
                      </div>
                    </button>
                  </span>
                </div>
              </div>
            </div>
          </div>
          <div
            className="uui-track-horizontal"
            style={
              Object {
                "display": "none",
                "height": 6,
                "position": "absolute",
              }
            }
          >
            <div
              className="uui-thumb-horizontal"
            />
          </div>
          <div
            className="uui-track-vertical"
            style={
              Object {
                "display": "none",
                "position": "absolute",
                "width": 6,
              }
            }
          >
            <div
              className="uui-thumb-vertical"
            />
          </div>
        </div>
      </div>
      <div
        className="root size-36 background-none padding-24 vPadding-24 spacing-12 modalFooter borderTop container align-items-center"
      >
        <button
          className="container uui-button-box uui-enabled -clickable root size-36 color-sky font-sans-semibold uui-has-left-icon uui-no-right-icon"
          href={null}
          onClick={[Function]}
          role="button"
          tabIndex={0}
          type="button"
        >
          <div
            className="container uui-icon uui-enabled"
            style={Object {}}
          >
            <svg
              className=""
            />
          </div>
          <div
            className="uui-caption line-height-18 font-size-14 v-padding-9"
          >
            Reset to Default
          </div>
        </button>
        <div
          className="flexSpacer"
        />
        <button
          className="container uui-button-box uui-enabled -clickable root size-36 color-night500 fill-white style-square"
          href={null}
          onClick={[Function]}
          role="button"
          tabIndex={0}
          type="button"
        >
          <div
            className="uui-caption line-height-18 font-size-14 v-padding-8"
          >
            Cancel
          </div>
        </button>
        <button
          className="container uui-button-box uui-enabled -clickable root size-36 color-sky fill-solid style-square"
          href={null}
          onClick={[Function]}
          role="button"
          tabIndex={0}
          type="button"
        >
          <div
            className="uui-caption line-height-18 font-size-14 v-padding-8"
          >
            Apply
          </div>
        </button>
      </div>
    </div>
  </div>
  <div
    data-focus-guard={true}
    style={
      Object {
        "height": "0px",
        "left": "1px",
        "overflow": "hidden",
        "padding": 0,
        "position": "fixed",
        "top": "1px",
        "width": "1px",
      }
    }
    tabIndex={0}
  />
</div>
`;
