// Jest Snapshot v1, https://goo.gl/fbAQLP

exports[`PresetInput should render correctly 1`] = `
<DocumentFragment>
  <div
    class="flexCell presetInputCell uui-presets-panel-input"
    style="min-width: 180px; flex-basis: 0px;"
  >
    <div
      class="container uui-input-box uui-focus root uui-size-36 uui-control-mode-form presetInput"
    >
      <input
        class="uui-input"
        maxlength="50"
        tabindex="0"
        type="text"
        value=""
      />
    </div>
  </div>
</DocumentFragment>
`;
