// Jest Snapshot v1, https://goo.gl/fbAQLP

exports[`MainMenuButton should be rendered correctly 1`] = `
<DocumentFragment>
  <a
    aria-current="page"
    aria-expanded="false"
    class="uui-button-box uui-enabled -clickable uui-anchor root type-primary uui-active"
    href=""
    rel="noopener noreferrer"
    tabindex="0"
    target="_blank"
  >
    <div
      class="uui-caption"
    >
      Test button
    </div>
    <div
      class="container uui-icon uui-enabled"
    >
      <svg
        class=""
      />
    </div>
  </a>
</DocumentFragment>
`;

exports[`MainMenuButton should be rendered correctly with minimum props 1`] = `
<DocumentFragment>
  <span
    class="uui-button-box uui-enabled root type-primary"
    tabindex="-1"
  />
</DocumentFragment>
`;
