// Jest Snapshot v1, https://goo.gl/fbAQLP

exports[`MainMenu should be rendered correctly 1`] = `
<nav
  className="root uui-mainmenu-container container"
>
  <div
    className="itemsContainer mainWrapper"
  >
    <div
      className="container align-items-center"
      style={
        Object {
          "columnGap": undefined,
          "rowGap": undefined,
        }
      }
    >
      <div
        className="root uui-burger-menu container"
      >
        <div
          className="uui-burger-button"
          onClick={[Function]}
        >
          <div
            className="container uui-icon uui-enabled"
            style={Object {}}
          >
            <svg
              className=""
            />
          </div>
        </div>
      </div>
      <button
        className="container uui-button-box uui-enabled root type-primary"
        onClick={[Function]}
        tabIndex={-1}
        type="button"
      />
    </div>
  </div>
</nav>
`;

exports[`MainMenu should be rendered correctly 2`] = `
<nav
  className="root uui-mainmenu-container container uui-mainmenu-transparent"
>
  <div
    className="itemsContainer mainWrapper"
  >
    <div
      className="container align-items-center"
      style={
        Object {
          "columnGap": undefined,
          "rowGap": undefined,
        }
      }
    >
      <div
        className="root uui-burger-menu container"
      >
        <div
          className="uui-burger-button"
          onClick={[Function]}
        >
          <div
            className="container uui-icon uui-enabled"
            style={Object {}}
          >
            <svg
              className=""
            />
          </div>
        </div>
      </div>
      <button
        className="container uui-button-box uui-enabled root type-primary"
        onClick={[Function]}
        tabIndex={-1}
        type="button"
      />
    </div>
  </div>
  <div
    className="uui-mainmenu-server-badge"
  >
    <div
      className="uui-mainmenu-server-badge-label"
      style={
        Object {
          "background": "#39b7ac",
        }
      }
    >
      Dev
    </div>
  </div>
</nav>
`;
