// Jest Snapshot v1, https://goo.gl/fbAQLP

exports[`MainMenuButton should be rendered correctly 1`] = `
<button
  className="container uui-button-box uui-enabled root type-primary fontSansSemibold"
  href={null}
  onClick={[Function]}
  role="button"
  tabIndex={-1}
  type="button"
/>
`;

exports[`MainMenuButton should be rendered correctly with props 1`] = `
<a
  className="container uui-button-box uui-enabled -clickable root type-primary fontSansSemibold"
  onClick={[Function]}
  role="link"
  tabIndex={0}
  target="_blank"
>
  <div
    className="uui-caption"
  >
    Test button
  </div>
  <div
    className="container uui-icon uui-enabled"
    style={Object {}}
  >
    <svg
      className=""
    />
  </div>
</a>
`;
