// Jest Snapshot v1, https://goo.gl/fbAQLP

exports[`PickerToggler should be rendered correctly 1`] = `
<div
  className="container uui-input-box root size-36 mode-form"
  onBlur={[Function]}
  onClick={[Function]}
  onFocus={[Function]}
  onKeyDown={[Function]}
  tabIndex={0}
>
  <div
    className="body"
  >
    <input
      aria-haspopup="listbox"
      aria-multiselectable={false}
      className="uui-input singleInput"
      onChange={[Function]}
      type="text"
      value=""
    />
  </div>
  <div
    className="actions"
  />
</div>
`;

exports[`PickerToggler should be rendered correctly 2`] = `
<div
  className="container uui-input-box -clickable root size-48 mode-form"
  onBlur={[Function]}
  onClick={[Function]}
  onFocus={[Function]}
  onKeyDown={[Function]}
  tabIndex={0}
>
  <div
    className="body multiline"
  >
    <div
      className="container uui-button-box uui-enabled root tag-color size-42 root"
      href={null}
      onClick={[Function]}
      onKeyDown={[Function]}
      role="button"
      tabIndex={0}
    >
      <div
        className="container uui-icon uui-enabled -clickable -clickable"
        onClick={[Function]}
        style={Object {}}
      >
        <svg
          className=""
          height={24}
          viewBox="0 0 12 24"
          width={12}
        >
          <use
            xlinkHref="#btn-cross-24.svg"
          />
        </svg>
      </div>
    </div>
    <input
      aria-haspopup="listbox"
      aria-multiselectable={true}
      className="uui-input"
      onChange={[Function]}
      type="text"
      value=""
    />
  </div>
  <div
    className="actions"
  >
    <div
      className="container uui-icon uui-enabled -clickable uui-icon-cancel -clickable"
      onClick={[Function]}
      style={Object {}}
    >
      <svg
        className=""
        height={24}
        viewBox="0 0 12 24"
        width={12}
      >
        <use
          xlinkHref="#btn-cross-24.svg"
        />
      </svg>
    </div>
  </div>
</div>
`;
