// Jest Snapshot v1, https://goo.gl/fbAQLP

exports[`ColumnsConfigurationModal should be rendered correctly 1`] = `
<div
  className="container modalBlocker shadow-dark"
  style={
    Object {
      "zIndex": 1,
    }
  }
>
  <div
    className="uui-modal-blocker"
    onClick={[Function]}
  />
  <div
    data-focus-guard={true}
    style={
      Object {
        "height": "0px",
        "left": "1px",
        "overflow": "hidden",
        "padding": 0,
        "position": "fixed",
        "top": "1px",
        "width": "1px",
      }
    }
    tabIndex={0}
  />
  <div
    data-focus-lock-disabled={false}
    onBlur={[Function]}
    onFocus={[Function]}
  >
    <div
      aria-modal={true}
      className="uui-modal-window modal width-420 height-700 container"
      role="modal"
    >
      <div
        className="root size-36 background-none padding-24 vPadding-12 spacing-12 modalHeader container align-items-center"
        style={
          Object {
            "columnGap": undefined,
            "rowGap": undefined,
          }
        }
      >
        <div
          className="root font-sans-semibold text-color-gray80 line-height-24 font-size-18 v-padding-12 container"
        >
          Configure columns
        </div>
        <div
          className="flexSpacer"
        />
        <div
          className=""
          style={
            Object {
              "alignSelf": undefined,
              "flexBasis": "auto",
              "flexGrow": undefined,
              "flexShrink": 0,
              "minWidth": 0,
              "textAlign": undefined,
            }
          }
        >
          <button
            className="container uui-button-box uui-enabled -clickable icon-button-default root uui-theme-promo icon-button-color-gray60"
            onClick={[Function]}
            tabIndex={0}
            type="button"
          >
            <div
              className="container uui-icon uui-enabled"
              style={Object {}}
            >
              <svg
                className=""
              />
            </div>
          </button>
        </div>
      </div>
      <div
        className="root size-36 background-none padding-24 border-bottom-gray40 spacing-12 searchArea container align-items-center"
        style={
          Object {
            "columnGap": undefined,
            "rowGap": undefined,
          }
        }
      >
        <div
          className="container uui-input-box -clickable root size-30 mode-form uui-theme-promo"
          onBlur={[Function]}
          onFocus={[Function]}
          tabIndex={-1}
        >
          <div
            className="container uui-icon uui-enabled"
            style={Object {}}
          >
            <svg
              className=""
            />
          </div>
          <input
            className="uui-input"
            inputMode="search"
            onChange={[Function]}
            onKeyDown={[Function]}
            placeholder="Search by column name"
            tabIndex={0}
            type="search"
            value=""
          />
        </div>
        <button
          className="container uui-button-box uui-enabled -clickable button-vars button-gray50 root size-30 mode-outline uui-theme-promo actionsMenu"
          onClick={[Function]}
          tabIndex={0}
          type="button"
        >
          <div
            className="container uui-icon uui-enabled"
            style={Object {}}
          >
            <svg
              className=""
            />
          </div>
        </button>
      </div>
      <div
        className="root background-white mainPanel container"
      >
        <div
          className="root root theme-light"
          cx={
            Array [
              Array [
                "root",
                "theme-light",
              ],
              undefined,
            ]
          }
          style={
            Object {
              "display": "flex",
              "height": "100%",
              "overflow": "hidden",
              "position": "relative",
              "width": "100%",
            }
          }
        >
          <div
            style={
              Object {
                "WebkitOverflowScrolling": "touch",
                "bottom": 0,
                "flex": "1 1 auto",
                "left": 0,
                "marginBottom": 0,
                "marginRight": 0,
                "overflow": "scroll",
                "position": "relative",
                "right": 0,
                "top": 0,
              }
            }
          >
            <div
              className="root size-24 background-none padding-24 spacing-6 groupTitle container align-items-center"
              style={
                Object {
                  "columnGap": undefined,
                  "rowGap": undefined,
                }
              }
            >
              <div
                className="root font-sans-semibold text-color-gray80 line-height-24 font-size-14 v-padding-6 groupTitleText container"
              >
                Displayed in table
              </div>
              <button
                className="container uui-button-box uui-enabled size-18 fill-solid badge-color-gray30 root groupTitleBadge"
                onClick={[Function]}
                tabIndex={-1}
                type="button"
              >
                <div
                  className="uui-caption"
                >
                  2
                </div>
              </button>
            </div>
            <div
              className="root size-30 background-none groupItems container align-items-center"
              style={
                Object {
                  "columnGap": undefined,
                  "rowGap": undefined,
                }
              }
            >
              <div
                className="root size-30 background-none rowWrapper notPinned -draggable container align-items-center"
                onPointerEnter={[Function]}
                onPointerLeave={[Function]}
                onPointerMove={[Function]}
                onPointerUp={[Function]}
                style={
                  Object {
                    "columnGap": undefined,
                    "rowGap": undefined,
                  }
                }
              >
                <div
                  className="root size-30 background-white spacing-6 title container align-items-center"
                  style={
                    Object {
                      "columnGap": undefined,
                      "rowGap": undefined,
                    }
                  }
                >
                  <div
                    className="dragHandle container uui-drag-handle"
                    onPointerDown={[Function]}
                    onTouchStart={[Function]}
                  />
                  <label
                    className="container uui-checkbox-container root size-18 mode-form uui-theme-promo uui-disabled"
                    tabIndex={-1}
                  >
                    <div
                      className="uui-checkbox uui-checked"
                    >
                      <input
                        aria-disabled={true}
                        checked={true}
                        disabled={true}
                        onChange={[Function]}
                        tabIndex={-1}
                        type="checkbox"
                      />
                      <div
                        className="container uui-icon uui-enabled"
                        style={Object {}}
                      >
                        <svg
                          className=""
                        />
                      </div>
                    </div>
                    <div
                      className="uui-input-label"
                    >
                      ID
                    </div>
                  </label>
                </div>
                <div
                  className="flexSpacer"
                />
                <div
                  className="root size-30 background-none pinIconButton container align-items-center"
                  style={
                    Object {
                      "columnGap": undefined,
                      "rowGap": undefined,
                    }
                  }
                >
                  <span
                    onMouseOut={[Function]}
                    onMouseOver={[Function]}
                  >
                    <button
                      aria-disabled={false}
                      className="container uui-button-box uui-enabled -clickable icon-button-default root uui-theme-promo icon-button-color-gray60"
                      onClick={[Function]}
                      tabIndex={0}
                      type="button"
                    >
                      <div
                        className="container uui-icon uui-enabled"
                        style={Object {}}
                      >
                        <svg
                          className=""
                        />
                      </div>
                    </button>
                  </span>
                </div>
              </div>
              <div
                className="root size-30 background-none rowWrapper notPinned -draggable container align-items-center"
                onPointerEnter={[Function]}
                onPointerLeave={[Function]}
                onPointerMove={[Function]}
                onPointerUp={[Function]}
                style={
                  Object {
                    "columnGap": undefined,
                    "rowGap": undefined,
                  }
                }
              >
                <div
                  className="root size-30 background-white spacing-6 title container align-items-center"
                  style={
                    Object {
                      "columnGap": undefined,
                      "rowGap": undefined,
                    }
                  }
                >
                  <div
                    className="dragHandle container uui-drag-handle"
                    onPointerDown={[Function]}
                    onTouchStart={[Function]}
                  />
                  <label
                    className="container uui-checkbox-container root size-18 mode-form uui-theme-promo uui-disabled"
                    tabIndex={-1}
                  >
                    <div
                      className="uui-checkbox uui-checked"
                    >
                      <input
                        aria-disabled={true}
                        checked={true}
                        disabled={true}
                        onChange={[Function]}
                        tabIndex={-1}
                        type="checkbox"
                      />
                      <div
                        className="container uui-icon uui-enabled"
                        style={Object {}}
                      >
                        <svg
                          className=""
                        />
                      </div>
                    </div>
                    <div
                      className="uui-input-label"
                    >
                      Level
                    </div>
                  </label>
                </div>
                <div
                  className="flexSpacer"
                />
                <div
                  className="root size-30 background-none pinIconButton container align-items-center"
                  style={
                    Object {
                      "columnGap": undefined,
                      "rowGap": undefined,
                    }
                  }
                >
                  <span
                    onMouseOut={[Function]}
                    onMouseOver={[Function]}
                  >
                    <button
                      aria-disabled={false}
                      className="container uui-button-box uui-enabled -clickable icon-button-default root uui-theme-promo icon-button-color-gray60"
                      onClick={[Function]}
                      tabIndex={0}
                      type="button"
                    >
                      <div
                        className="container uui-icon uui-enabled"
                        style={Object {}}
                      >
                        <svg
                          className=""
                        />
                      </div>
                    </button>
                  </span>
                </div>
              </div>
            </div>
          </div>
          <div
            className="uui-track-horizontal"
            style={
              Object {
                "display": "none",
                "height": 6,
                "position": "absolute",
              }
            }
          >
            <div
              className="uui-thumb-horizontal"
            />
          </div>
          <div
            className="uui-track-vertical"
            style={
              Object {
                "display": "none",
                "position": "absolute",
                "width": 6,
              }
            }
          >
            <div
              className="uui-thumb-vertical"
            />
          </div>
        </div>
      </div>
      <div
        className="root size-36 background-none padding-24 vPadding-24 spacing-12 modalFooter borderTop container align-items-center"
        style={
          Object {
            "columnGap": undefined,
            "rowGap": undefined,
          }
        }
      >
        <button
          className="container uui-button-box uui-enabled -clickable root size-36 linkButton-color-blue uui-has-left-icon uui-no-right-icon"
          onClick={[Function]}
          tabIndex={0}
          type="button"
        >
          <div
            className="container uui-icon uui-enabled"
            style={Object {}}
          >
            <svg
              className=""
            />
          </div>
          <div
            className="uui-caption"
          >
            Reset to Default
          </div>
        </button>
        <div
          className="flexSpacer"
        />
        <button
          className="container uui-button-box uui-enabled -clickable button-vars button-gray50 root size-36 mode-outline uui-theme-promo"
          onClick={[Function]}
          tabIndex={0}
          type="button"
        >
          <div
            className="uui-caption"
          >
            Cancel
          </div>
        </button>
        <button
          aria-disabled={false}
          className="container uui-button-box uui-enabled -clickable button-vars button-green root size-36 mode-solid uui-theme-promo"
          onClick={[Function]}
          tabIndex={0}
          type="button"
        >
          <div
            className="uui-caption"
          >
            Apply
          </div>
        </button>
      </div>
    </div>
  </div>
  <div
    data-focus-guard={true}
    style={
      Object {
        "height": "0px",
        "left": "1px",
        "overflow": "hidden",
        "padding": 0,
        "position": "fixed",
        "top": "1px",
        "width": "1px",
      }
    }
    tabIndex={0}
  />
</div>
`;

exports[`ColumnsConfigurationModal should disable Apply button if all columns are hidden 1`] = `
<div
  className="container modalBlocker shadow-dark"
  style={
    Object {
      "zIndex": 1,
    }
  }
>
  <div
    className="uui-modal-blocker"
    onClick={[Function]}
  />
  <div
    data-focus-guard={true}
    style={
      Object {
        "height": "0px",
        "left": "1px",
        "overflow": "hidden",
        "padding": 0,
        "position": "fixed",
        "top": "1px",
        "width": "1px",
      }
    }
    tabIndex={0}
  />
  <div
    data-focus-lock-disabled={false}
    onBlur={[Function]}
    onFocus={[Function]}
  >
    <div
      aria-modal={true}
      className="uui-modal-window modal width-420 height-700 container"
      role="modal"
    >
      <div
        className="root size-36 background-none padding-24 vPadding-12 spacing-12 modalHeader container align-items-center"
        style={
          Object {
            "columnGap": undefined,
            "rowGap": undefined,
          }
        }
      >
        <div
          className="root font-sans-semibold text-color-gray80 line-height-24 font-size-18 v-padding-12 container"
        >
          Configure columns
        </div>
        <div
          className="flexSpacer"
        />
        <div
          className=""
          style={
            Object {
              "alignSelf": undefined,
              "flexBasis": "auto",
              "flexGrow": undefined,
              "flexShrink": 0,
              "minWidth": 0,
              "textAlign": undefined,
            }
          }
        >
          <button
            className="container uui-button-box uui-enabled -clickable icon-button-default root uui-theme-promo icon-button-color-gray60"
            onClick={[Function]}
            tabIndex={0}
            type="button"
          >
            <div
              className="container uui-icon uui-enabled"
              style={Object {}}
            >
              <svg
                className=""
              />
            </div>
          </button>
        </div>
      </div>
      <div
        className="root size-36 background-none padding-24 border-bottom-gray40 spacing-12 searchArea container align-items-center"
        style={
          Object {
            "columnGap": undefined,
            "rowGap": undefined,
          }
        }
      >
        <div
          className="container uui-input-box -clickable root size-30 mode-form uui-theme-promo"
          onBlur={[Function]}
          onFocus={[Function]}
          tabIndex={-1}
        >
          <div
            className="container uui-icon uui-enabled"
            style={Object {}}
          >
            <svg
              className=""
            />
          </div>
          <input
            className="uui-input"
            inputMode="search"
            onChange={[Function]}
            onKeyDown={[Function]}
            placeholder="Search by column name"
            tabIndex={0}
            type="search"
            value=""
          />
        </div>
        <button
          className="container uui-button-box uui-enabled -clickable button-vars button-gray50 root size-30 mode-outline uui-theme-promo actionsMenu"
          onClick={[Function]}
          tabIndex={0}
          type="button"
        >
          <div
            className="container uui-icon uui-enabled"
            style={Object {}}
          >
            <svg
              className=""
            />
          </div>
        </button>
      </div>
      <div
        className="root background-white mainPanel container"
      >
        <div
          className="root root theme-light"
          cx={
            Array [
              Array [
                "root",
                "theme-light",
              ],
              undefined,
            ]
          }
          style={
            Object {
              "display": "flex",
              "height": "100%",
              "overflow": "hidden",
              "position": "relative",
              "width": "100%",
            }
          }
        >
          <div
            style={
              Object {
                "WebkitOverflowScrolling": "touch",
                "bottom": 0,
                "flex": "1 1 auto",
                "left": 0,
                "marginBottom": 0,
                "marginRight": 0,
                "overflow": "scroll",
                "position": "relative",
                "right": 0,
                "top": 0,
              }
            }
          >
            <div
              className="root size-24 background-none padding-24 spacing-6 groupTitle container align-items-center"
              style={
                Object {
                  "columnGap": undefined,
                  "rowGap": undefined,
                }
              }
            >
              <div
                className="root font-sans-semibold text-color-gray80 line-height-24 font-size-14 v-padding-6 groupTitleText container"
              >
                Hidden in table
              </div>
              <button
                className="container uui-button-box uui-enabled size-18 fill-solid badge-color-gray30 root groupTitleBadge"
                onClick={[Function]}
                tabIndex={-1}
                type="button"
              >
                <div
                  className="uui-caption"
                >
                  2
                </div>
              </button>
            </div>
            <div
              className="root size-30 background-none groupItems container align-items-center"
              style={
                Object {
                  "columnGap": undefined,
                  "rowGap": undefined,
                }
              }
            >
              <div
                className="root size-30 background-none rowWrapper notPinned -draggable container align-items-center"
                onPointerEnter={[Function]}
                onPointerLeave={[Function]}
                onPointerMove={[Function]}
                onPointerUp={[Function]}
                style={
                  Object {
                    "columnGap": undefined,
                    "rowGap": undefined,
                  }
                }
              >
                <div
                  className="root size-30 background-white spacing-6 title container align-items-center"
                  style={
                    Object {
                      "columnGap": undefined,
                      "rowGap": undefined,
                    }
                  }
                >
                  <div
                    className="dragHandle container uui-drag-handle"
                    onPointerDown={[Function]}
                    onTouchStart={[Function]}
                  />
                  <label
                    className="container uui-checkbox-container root size-18 mode-form uui-theme-promo -clickable"
                    tabIndex={-1}
                  >
                    <div
                      className="uui-checkbox"
                    >
                      <input
                        checked={false}
                        disabled={false}
                        onChange={[Function]}
                        tabIndex={0}
                        type="checkbox"
                      />
                    </div>
                    <div
                      className="uui-input-label"
                    >
                      ID
                    </div>
                  </label>
                </div>
                <div
                  className="flexSpacer"
                />
                <div
                  className="root size-30 background-none pinIconButton container align-items-center"
                  style={
                    Object {
                      "columnGap": undefined,
                      "rowGap": undefined,
                    }
                  }
                >
                  <span
                    onMouseOut={[Function]}
                    onMouseOver={[Function]}
                  >
                    <button
                      aria-disabled={false}
                      className="container uui-button-box uui-enabled -clickable icon-button-default root uui-theme-promo icon-button-color-gray60"
                      onClick={[Function]}
                      tabIndex={0}
                      type="button"
                    >
                      <div
                        className="container uui-icon uui-enabled"
                        style={Object {}}
                      >
                        <svg
                          className=""
                        />
                      </div>
                    </button>
                  </span>
                </div>
              </div>
              <div
                className="root size-30 background-none rowWrapper notPinned -draggable container align-items-center"
                onPointerEnter={[Function]}
                onPointerLeave={[Function]}
                onPointerMove={[Function]}
                onPointerUp={[Function]}
                style={
                  Object {
                    "columnGap": undefined,
                    "rowGap": undefined,
                  }
                }
              >
                <div
                  className="root size-30 background-white spacing-6 title container align-items-center"
                  style={
                    Object {
                      "columnGap": undefined,
                      "rowGap": undefined,
                    }
                  }
                >
                  <div
                    className="dragHandle container uui-drag-handle"
                    onPointerDown={[Function]}
                    onTouchStart={[Function]}
                  />
                  <label
                    className="container uui-checkbox-container root size-18 mode-form uui-theme-promo -clickable"
                    tabIndex={-1}
                  >
                    <div
                      className="uui-checkbox"
                    >
                      <input
                        checked={false}
                        disabled={false}
                        onChange={[Function]}
                        tabIndex={0}
                        type="checkbox"
                      />
                    </div>
                    <div
                      className="uui-input-label"
                    >
                      Level
                    </div>
                  </label>
                </div>
                <div
                  className="flexSpacer"
                />
                <div
                  className="root size-30 background-none pinIconButton container align-items-center"
                  style={
                    Object {
                      "columnGap": undefined,
                      "rowGap": undefined,
                    }
                  }
                >
                  <span
                    onMouseOut={[Function]}
                    onMouseOver={[Function]}
                  >
                    <button
                      aria-disabled={false}
                      className="container uui-button-box uui-enabled -clickable icon-button-default root uui-theme-promo icon-button-color-gray60"
                      onClick={[Function]}
                      tabIndex={0}
                      type="button"
                    >
                      <div
                        className="container uui-icon uui-enabled"
                        style={Object {}}
                      >
                        <svg
                          className=""
                        />
                      </div>
                    </button>
                  </span>
                </div>
              </div>
            </div>
          </div>
          <div
            className="uui-track-horizontal"
            style={
              Object {
                "display": "none",
                "height": 6,
                "position": "absolute",
              }
            }
          >
            <div
              className="uui-thumb-horizontal"
            />
          </div>
          <div
            className="uui-track-vertical"
            style={
              Object {
                "display": "none",
                "position": "absolute",
                "width": 6,
              }
            }
          >
            <div
              className="uui-thumb-vertical"
            />
          </div>
        </div>
      </div>
      <div
        className="root size-36 background-none padding-24 vPadding-24 spacing-12 modalFooter borderTop container align-items-center"
        style={
          Object {
            "columnGap": undefined,
            "rowGap": undefined,
          }
        }
      >
        <button
          className="container uui-button-box uui-enabled -clickable root size-36 linkButton-color-blue uui-has-left-icon uui-no-right-icon"
          onClick={[Function]}
          tabIndex={0}
          type="button"
        >
          <div
            className="container uui-icon uui-enabled"
            style={Object {}}
          >
            <svg
              className=""
            />
          </div>
          <div
            className="uui-caption"
          >
            Reset to Default
          </div>
        </button>
        <div
          className="flexSpacer"
        />
        <button
          className="container uui-button-box uui-enabled -clickable button-vars button-gray50 root size-36 mode-outline uui-theme-promo"
          onClick={[Function]}
          tabIndex={0}
          type="button"
        >
          <div
            className="uui-caption"
          >
            Cancel
          </div>
        </button>
        <button
          aria-disabled={true}
          className="container uui-button-box uui-disabled -clickable button-vars button-green root size-36 mode-solid uui-theme-promo"
          onClick={[Function]}
          tabIndex={-1}
          type="button"
        >
          <div
            className="uui-caption"
          >
            Apply
          </div>
        </button>
      </div>
    </div>
  </div>
  <div
    data-focus-guard={true}
    style={
      Object {
        "height": "0px",
        "left": "1px",
        "overflow": "hidden",
        "padding": 0,
        "position": "fixed",
        "top": "1px",
        "width": "1px",
      }
    }
    tabIndex={0}
  />
</div>
`;
