// Jest Snapshot v1, https://goo.gl/fbAQLP

exports[`Badge should be rendered correctly 1`] = `
<button
  className="container uui-button-box uui-enabled root style-square size-18 fill-solid color-sky root"
  href={null}
  onClick={[Function]}
  role="button"
  tabIndex={-1}
  type="button"
/>
`;

exports[`Badge should be rendered correctly with props 1`] = `
<button
  className="container uui-button-box uui-enabled -clickable root style-square size-12 fill-light color-sky root"
  href={null}
  onClick={[Function]}
  role="button"
  tabIndex={0}
  type="button"
>
  <div
    className="container uui-icon uui-enabled -clickable"
    onClick={[MockFunction]}
    style={Object {}}
  >
    <svg
      className=""
    />
  </div>
  <div
    className="uui-count"
  >
    12
  </div>
  <div
    className="uui-caption"
  >
    Test badge
  </div>
  <div
    className="container uui-icon uui-enabled -clickable -clickable"
    onClick={[MockFunction]}
    style={Object {}}
  >
    <svg
      className=""
    />
  </div>
</button>
`;
