// Jest Snapshot v1, https://goo.gl/fbAQLP

exports[`Paginator should be rendered correctly 1`] = `
<nav
  className="root"
  role="navigation"
>
  <button
    aria-disabled={true}
    className="container uui-button-box uui-disabled -clickable button-vars button-night400 root size-24 mode-solid uui-theme-loveship size-24 style-square fill-solid size-24"
    onClick={[Function]}
    tabIndex={-1}
    type="button"
  >
    <div
      className="container uui-icon uui-enabled"
      style={Object {}}
    >
      <svg
        className=""
      />
    </div>
  </button>
  <button
    aria-current={true}
    className="container uui-button-box uui-enabled -clickable button-vars button-sky root size-24 mode-outline uui-theme-loveship size-24 style-square fill-white size-24"
    onClick={[Function]}
    tabIndex={0}
    type="button"
  >
    <div
      className="uui-caption"
    >
      1
    </div>
  </button>
  <button
    className="container uui-button-box uui-enabled -clickable button-vars button-sky root size-24 mode-ghost uui-theme-loveship size-24 style-square fill-light size-24"
    onClick={[Function]}
    tabIndex={0}
    type="button"
  >
    <div
      className="uui-caption"
    >
      2
    </div>
  </button>
  <button
    className="container uui-button-box uui-enabled -clickable button-vars button-sky root size-24 mode-ghost uui-theme-loveship size-24 style-square fill-light size-24"
    onClick={[Function]}
    tabIndex={0}
    type="button"
  >
    <div
      className="uui-caption"
    >
      3
    </div>
  </button>
  <button
    className="container uui-button-box uui-enabled -clickable button-vars button-sky root size-24 mode-ghost uui-theme-loveship size-24 style-square fill-light size-24"
    onClick={[Function]}
    tabIndex={0}
    type="button"
  >
    <div
      className="uui-caption"
    >
      4
    </div>
  </button>
  <button
    className="container uui-button-box uui-enabled -clickable button-vars button-sky root size-24 mode-ghost uui-theme-loveship size-24 style-square fill-light size-24"
    onClick={[Function]}
    tabIndex={0}
    type="button"
  >
    <div
      className="uui-caption"
    >
      5
    </div>
  </button>
  <button
    className="container uui-button-box uui-enabled button-vars button-sky root size-24 mode-ghost uui-theme-loveship size-24 style-square fill-light size-24"
    onClick={[Function]}
    tabIndex={-1}
    type="button"
  >
    <div
      className="uui-caption"
    >
      ...
    </div>
  </button>
  <button
    className="container uui-button-box uui-enabled -clickable button-vars button-sky root size-24 mode-ghost uui-theme-loveship size-24 style-square fill-light size-24"
    onClick={[Function]}
    tabIndex={0}
    type="button"
  >
    <div
      className="uui-caption"
    >
      10
    </div>
  </button>
  <button
    aria-disabled={false}
    className="container uui-button-box uui-enabled -clickable button-vars button-night400 root size-24 mode-outline uui-theme-loveship size-24 style-square fill-white size-24"
    onClick={[Function]}
    tabIndex={0}
    type="button"
  >
    <div
      className="container uui-icon uui-enabled"
      style={Object {}}
    >
      <svg
        className=""
      />
    </div>
  </button>
</nav>
`;
