// Jest Snapshot v1, https://goo.gl/fbAQLP

exports[`ColumnsConfigurationModal should be rendered correctly 1`] = `
<div
  className="container modalBlocker shadow-dark"
  style={
    Object {
      "zIndex": 1,
    }
  }
>
  <div
    className="uui-modal-blocker"
    onClick={[Function]}
  />
  <div
    data-focus-guard={true}
    style={
      Object {
        "height": "0px",
        "left": "1px",
        "overflow": "hidden",
        "padding": 0,
        "position": "fixed",
        "top": "1px",
        "width": "1px",
      }
    }
    tabIndex={0}
  />
  <div
    data-focus-guard={true}
    style={
      Object {
        "height": "0px",
        "left": "1px",
        "overflow": "hidden",
        "padding": 0,
        "position": "fixed",
        "top": "1px",
        "width": "1px",
      }
    }
    tabIndex={1}
  />
  <div
    data-focus-lock-disabled={false}
    onBlur={[Function]}
    onFocus={[Function]}
  >
    <div
      aria-modal={true}
      className="uui-modal-window modal width-600 height-auto container"
      role="modal"
      style={
        Object {
          "width": "600px",
        }
      }
    >
      <div
        className="root background-white container container"
      >
        <div
          className="root size-36 background-none padding-24 vPadding-12 border-bottom-night400 spacing-6 modalHeader container align-items-center"
        >
          <div
            className="text font-sans-semibold color-night700 line-height-24 font-size-18 v-padding-12 container"
          >
            Configure columns
          </div>
          <div
            className="flexSpacer"
          />
          <div
            className="flexCell"
            onClick={[Function]}
            style={
              Object {
                "alignSelf": undefined,
                "flexBasis": "auto",
                "flexGrow": undefined,
                "flexShrink": 0,
                "minWidth": 0,
                "textAlign": undefined,
              }
            }
          >
            <div
              className="root color-night600 uui-button-box uui-enabled -clickable"
              href={null}
              onClick={[Function]}
              onKeyDown={[Function]}
              role="button"
              tabIndex={0}
            >
              <div
                className="container uui-icon uui-enabled"
                style={Object {}}
              >
                <svg
                  className=""
                  height={24}
                  viewBox="0 0 12 24"
                  width={12}
                >
                  <use
                    xlinkHref="#navigation-close-24.svg"
                  />
                </svg>
              </div>
            </div>
          </div>
        </div>
        <div
          className="root root theme-light"
          cx={
            Array [
              Array [
                "root",
                "theme-light",
              ],
              undefined,
            ]
          }
          style={
            Object {
              "display": "flex",
              "height": "100%",
              "overflow": "hidden",
              "position": "relative",
              "width": "100%",
            }
          }
        >
          <div
            style={
              Object {
                "WebkitOverflowScrolling": "touch",
                "bottom": 0,
                "flex": "1 1 auto",
                "left": 0,
                "marginBottom": 0,
                "marginRight": 0,
                "overflow": "scroll",
                "position": "relative",
                "right": 0,
                "top": 0,
              }
            }
          >
            <div
              className="checkboxContainer"
            >
              <div
                className="dragElement"
                onMouseDown={[Function]}
                onMouseEnter={[Function]}
                onMouseLeave={[Function]}
                onMouseMove={[Function]}
                onMouseUp={[Function]}
              >
                <div
                  className="dndItem"
                >
                  <div
                    className="root size-36 background-white spacing-6 container align-items-center"
                  >
                    <div
                      className="dragHandle container uui-drag-handle"
                    />
                    <label
                      className="container root size-18 theme-light color-sky uui-disabled"
                      role="checkbox"
                    >
                      <div
                        className="uui-checkbox uui-checked"
                      >
                        <input
                          aria-checked={true}
                          checked={true}
                          disabled={true}
                          onChange={[Function]}
                          type="checkbox"
                        />
                        <div
                          className="container uui-icon uui-enabled"
                          style={Object {}}
                        >
                          <svg
                            className=""
                            height={24}
                            viewBox="0 0 12 24"
                            width={12}
                          >
                            <use
                              xlinkHref="#checkbox-checked.svg"
                            />
                          </svg>
                        </div>
                      </div>
                      <div
                        className="uui-input-label"
                        role="label"
                      >
                        ID
                      </div>
                    </label>
                  </div>
                </div>
              </div>
              <div
                className="dragElement"
                onMouseDown={[Function]}
                onMouseEnter={[Function]}
                onMouseLeave={[Function]}
                onMouseMove={[Function]}
                onMouseUp={[Function]}
              >
                <div
                  className="dndItem"
                >
                  <div
                    className="root size-36 background-white spacing-6 container align-items-center"
                  >
                    <div
                      className="dragHandle container uui-drag-handle"
                    />
                    <label
                      className="container root size-18 theme-light color-sky uui-disabled"
                      role="checkbox"
                    >
                      <div
                        className="uui-checkbox uui-checked"
                      >
                        <input
                          aria-checked={true}
                          checked={true}
                          disabled={true}
                          onChange={[Function]}
                          type="checkbox"
                        />
                        <div
                          className="container uui-icon uui-enabled"
                          style={Object {}}
                        >
                          <svg
                            className=""
                            height={24}
                            viewBox="0 0 12 24"
                            width={12}
                          >
                            <use
                              xlinkHref="#checkbox-checked.svg"
                            />
                          </svg>
                        </div>
                      </div>
                      <div
                        className="uui-input-label"
                        role="label"
                      >
                        name
                      </div>
                    </label>
                  </div>
                </div>
              </div>
              <div
                className="dragElement"
                onMouseDown={[Function]}
                onMouseEnter={[Function]}
                onMouseLeave={[Function]}
                onMouseMove={[Function]}
                onMouseUp={[Function]}
              >
                <div
                  className="dndItem"
                >
                  <div
                    className="root size-36 background-white spacing-6 container align-items-center"
                  >
                    <div
                      className="dragHandle container uui-drag-handle"
                    />
                    <label
                      className="container root size-18 theme-light color-sky -clickable"
                      role="checkbox"
                    >
                      <div
                        className="uui-checkbox uui-checked"
                      >
                        <input
                          aria-checked={true}
                          checked={true}
                          disabled={false}
                          onChange={[Function]}
                          type="checkbox"
                        />
                        <div
                          className="container uui-icon uui-enabled"
                          style={Object {}}
                        >
                          <svg
                            className=""
                            height={24}
                            viewBox="0 0 12 24"
                            width={12}
                          >
                            <use
                              xlinkHref="#checkbox-checked.svg"
                            />
                          </svg>
                        </div>
                      </div>
                      <div
                        className="uui-input-label"
                        role="label"
                      >
                        Level
                      </div>
                    </label>
                  </div>
                </div>
              </div>
              <div
                className="dragElement"
                onMouseDown={[Function]}
                onMouseEnter={[Function]}
                onMouseLeave={[Function]}
                onMouseMove={[Function]}
                onMouseUp={[Function]}
              >
                <div
                  className="dndItem"
                >
                  <div
                    className="root size-36 background-white spacing-6 container align-items-center"
                  >
                    <div
                      className="dragHandle container uui-drag-handle"
                    />
                    <label
                      className="container root size-18 theme-light color-sky -clickable"
                      role="checkbox"
                    >
                      <div
                        className="uui-checkbox uui-checked"
                      >
                        <input
                          aria-checked={true}
                          checked={true}
                          disabled={false}
                          onChange={[Function]}
                          type="checkbox"
                        />
                        <div
                          className="container uui-icon uui-enabled"
                          style={Object {}}
                        >
                          <svg
                            className=""
                            height={24}
                            viewBox="0 0 12 24"
                            width={12}
                          >
                            <use
                              xlinkHref="#checkbox-checked.svg"
                            />
                          </svg>
                        </div>
                      </div>
                      <div
                        className="uui-input-label"
                        role="label"
                      >
                        DATE
                      </div>
                    </label>
                  </div>
                </div>
              </div>
            </div>
          </div>
          <div
            style={
              Object {
                "borderRadius": 3,
                "bottom": 2,
                "display": "none",
                "height": 6,
                "left": 2,
                "position": "absolute",
                "right": 2,
              }
            }
          >
            <div
              className="uui-thumb-horizontal"
            />
          </div>
          <div
            style={
              Object {
                "borderRadius": 3,
                "bottom": 2,
                "display": "none",
                "position": "absolute",
                "right": 2,
                "top": 2,
                "width": 6,
              }
            }
          >
            <div
              className="uui-thumb-vertical"
            />
          </div>
        </div>
        <div
          className="root size-36 background-none padding-24 vPadding-24 spacing-12 modalFooter borderTop container align-items-center"
        >
          <div
            className="container uui-button-box uui-enabled -clickable root size-36 color-sky font-sans-semibold uui-no-left-icon uui-no-right-icon"
            href={null}
            onClick={[Function]}
            onKeyDown={[Function]}
            role="button"
            tabIndex={0}
          >
            <div
              className="uui-caption line-height-18 font-size-14 v-padding-9"
            >
              Reset to Default
            </div>
          </div>
          <div
            className="flexSpacer"
          />
          <div
            className="container uui-button-box uui-enabled -clickable root size-36 color-sky font-sans-semibold uui-no-left-icon uui-no-right-icon actionLinkButton"
            href={null}
            onClick={[Function]}
            onKeyDown={[Function]}
            role="button"
            tabIndex={0}
          >
            <div
              className="uui-caption line-height-18 font-size-14 v-padding-9"
            >
              CHECK ALL
            </div>
          </div>
          <div
            className="container uui-button-box uui-enabled -clickable root size-36 color-sky font-sans-semibold uui-no-left-icon uui-no-right-icon actionLinkButton"
            href={null}
            onClick={[Function]}
            onKeyDown={[Function]}
            role="button"
            tabIndex={0}
          >
            <div
              className="uui-caption line-height-18 font-size-14 v-padding-9"
            >
              UNCHECK ALL
            </div>
          </div>
          <div
            className="container uui-button-box uui-enabled -clickable root size-36 color-grass fill-solid style-square actionButton"
            href={null}
            onClick={[Function]}
            onKeyDown={[Function]}
            role="button"
            tabIndex={0}
          >
            <div
              className="uui-caption line-height-18 font-size-14 v-padding-8"
            >
              Apply
            </div>
          </div>
        </div>
      </div>
    </div>
  </div>
  <div
    data-focus-guard={true}
    style={
      Object {
        "height": "0px",
        "left": "1px",
        "overflow": "hidden",
        "padding": 0,
        "position": "fixed",
        "top": "1px",
        "width": "1px",
      }
    }
    tabIndex={0}
  />
</div>
`;
