// Jest Snapshot v1, https://goo.gl/fbAQLP

exports[`TabButton should be rendered correctly 1`] = `
<DocumentFragment>
  <span
    class="uui-button-box uui-enabled root uui-tab-button uui-size-48 uui-no-left-icon uui-no-right-icon"
    role="tab"
    tabindex="-1"
  />
</DocumentFragment>
`;

exports[`TabButton should be rendered correctly with props 1`] = `
<DocumentFragment>
  <button
    aria-disabled="false"
    class="uui-button-box uui-enabled -clickable uui-active root uui-tab-button uui-size-48 uui-has-left-icon uui-no-right-icon"
    role="tab"
    tabindex="0"
    type="button"
  >
    <div
      class="container uui-icon uui-enabled"
    >
      <svg
        class=""
      />
    </div>
    <div
      class="uui-caption"
    >
      <div
        class="withNotify"
      />
    </div>
  </button>
</DocumentFragment>
`;
