// Jest Snapshot v1, https://goo.gl/fbAQLP

exports[`IconButton should be rendered correctly 1`] = `
<button
  className="container uui-button-box uui-enabled root icon-color-gray60"
  href={null}
  onClick={[Function]}
  role="button"
  tabIndex={-1}
  type="button"
>
  <div
    className="container uui-icon uui-enabled"
    style={Object {}}
  />
</button>
`;

exports[`IconButton should be rendered correctly with props 1`] = `
<button
  aria-disabled={false}
  className="container uui-button-box uui-enabled -clickable root icon-color-blue"
  href={null}
  onClick={[Function]}
  role="button"
  tabIndex={0}
  type="button"
>
  <div
    className="container uui-icon uui-enabled"
    style={Object {}}
  >
    <svg
      className=""
    />
  </div>
</button>
`;
