// Jest Snapshot v1, https://goo.gl/fbAQLP

exports[`Tag should be rendered correctly 1`] = `
<DocumentFragment>
  <span
    class="uui-button-box uui-enabled root uui-size-36 uui-color-neutral uui-fill-solid uui-tag"
    tabindex="-1"
  />
</DocumentFragment>
`;

exports[`Tag should be rendered correctly with props 1`] = `
<DocumentFragment>
  <button
    class="uui-button-box uui-enabled -clickable root uui-size-36 uui-color-neutral uui-fill-solid uui-tag"
    tabindex="0"
    type="button"
  />
  <button
    aria-label="Icon in input"
    class="uui-button-box uui-enabled -clickable container uui-icon_button uui-color-neutral root"
    tabindex="0"
    type="button"
  >
    <div
      class="container uui-icon uui-enabled"
    >
      <svg
        class=""
      />
    </div>
  </button>
  <div
    class="uui-caption"
  >
    Test badge
  </div>
  <div
    class="root uui-count_indicator uui-size-18 uui-color-white"
  >
    12
  </div>
  <button
    aria-label="Remove tag"
    class="uui-button-box uui-enabled -clickable container uui-icon_button uui-color-neutral root uui-icon-cancel"
    tabindex="0"
    type="button"
  >
    <div
      class="container uui-icon uui-enabled"
    >
      <svg
        class=""
      />
    </div>
  </button>
</DocumentFragment>
`;
