// Jest Snapshot v1, https://goo.gl/fbAQLP

exports[`ClearNotification should be rendered correctly 1`] = `
<div
  className="notificationWrapper clearButton"
>
  <button
    className="container uui-button-box uui-enabled -clickable root size-36 color-sky font-sans-semibold uui-no-left-icon uui-no-right-icon"
    onClick={[Function]}
    tabIndex={0}
    type="button"
  >
    <div
      className="uui-caption line-height-18 font-size-14 v-padding-9"
    >
      CLOSE ALL NOTIFICATIONS
    </div>
  </button>
</div>
`;

exports[`ErrorNotification should be rendered correctly 1`] = `
<div
  className="notificationWrapper color-fire typeError"
  role="alert"
>
  <div
    className="mainPath"
  >
    <div
      className="iconWrapper"
    >
      <div
        className="container uui-icon uui-enabled actionIcon"
        style={Object {}}
      >
        <svg
          className=""
        />
      </div>
    </div>
    <div
      className="content"
    />
    <div
      className="closeWrapper"
    >
      <button
        className="container uui-button-box uui-enabled -clickable icon-button-night600 root uui-theme-loveship icon-button-color-night600 closeIcon"
        onClick={[Function]}
        tabIndex={0}
        type="button"
      >
        <div
          className="container uui-icon uui-enabled"
          style={Object {}}
        >
          <svg
            className=""
          />
        </div>
      </button>
    </div>
  </div>
</div>
`;

exports[`HintNotification should be rendered correctly 1`] = `
<div
  className="notificationWrapper color-sky typeHint"
  role="alert"
>
  <div
    className="mainPath"
  >
    <div
      className="iconWrapper"
    >
      <div
        className="container uui-icon uui-enabled actionIcon"
        style={Object {}}
      >
        <svg
          className=""
        />
      </div>
    </div>
    <div
      className="content"
    />
    <div
      className="closeWrapper"
    >
      <button
        className="container uui-button-box uui-enabled -clickable icon-button-night600 root uui-theme-loveship icon-button-color-night600 closeIcon"
        onClick={[Function]}
        tabIndex={0}
        type="button"
      >
        <div
          className="container uui-icon uui-enabled"
          style={Object {}}
        >
          <svg
            className=""
          />
        </div>
      </button>
    </div>
  </div>
</div>
`;

exports[`NotificationCard should be rendered correctly 1`] = `
<div
  className="notificationWrapper color-sun"
  role="alert"
>
  <div
    className="mainPath"
  >
    <div
      className="iconWrapper"
    >
      <div
        className="container uui-icon uui-enabled actionIcon"
        style={Object {}}
      >
        <svg
          className=""
        />
      </div>
    </div>
    <div
      className="content"
    />
    <div
      className="closeWrapper"
    >
      <button
        className="container uui-button-box uui-enabled -clickable icon-button-night600 root uui-theme-loveship icon-button-color-night600 closeIcon"
        onClick={[Function]}
        tabIndex={0}
        type="button"
      >
        <div
          className="container uui-icon uui-enabled"
          style={Object {}}
        >
          <svg
            className=""
          />
        </div>
      </button>
    </div>
  </div>
</div>
`;

exports[`NotificationCard should be rendered correctly with icon 1`] = `
<div
  className="notificationWrapper color-sun"
  role="alert"
>
  <div
    className="mainPath"
  >
    <div
      className="iconWrapper"
    >
      <div
        className="container uui-icon uui-enabled actionIcon"
        style={Object {}}
      >
        <svg
          className=""
        />
      </div>
    </div>
    <div
      className="content"
    />
    <div
      className="closeWrapper"
    >
      <button
        className="container uui-button-box uui-enabled -clickable icon-button-night600 root uui-theme-loveship icon-button-color-night600 closeIcon"
        onClick={[Function]}
        tabIndex={0}
        type="button"
      >
        <div
          className="container uui-icon uui-enabled"
          style={Object {}}
        >
          <svg
            className=""
          />
        </div>
      </button>
    </div>
  </div>
</div>
`;

exports[`SuccessNotification should be rendered correctly 1`] = `
<div
  className="notificationWrapper color-grass typeSuccess"
  role="alert"
>
  <div
    className="mainPath"
  >
    <div
      className="iconWrapper"
    >
      <div
        className="container uui-icon uui-enabled actionIcon"
        style={Object {}}
      >
        <svg
          className=""
        />
      </div>
    </div>
    <div
      className="content"
    />
    <div
      className="closeWrapper"
    >
      <button
        className="container uui-button-box uui-enabled -clickable icon-button-night600 root uui-theme-loveship icon-button-color-night600 closeIcon"
        onClick={[Function]}
        tabIndex={0}
        type="button"
      >
        <div
          className="container uui-icon uui-enabled"
          style={Object {}}
        >
          <svg
            className=""
          />
        </div>
      </button>
    </div>
  </div>
</div>
`;

exports[`WarningNotification should be rendered correctly 1`] = `
<div
  className="notificationWrapper color-sun typeWarning"
  role="alert"
>
  <div
    className="mainPath"
  >
    <div
      className="iconWrapper"
    >
      <div
        className="container uui-icon uui-enabled actionIcon"
        style={Object {}}
      >
        <svg
          className=""
        />
      </div>
    </div>
    <div
      className="content"
    />
    <div
      className="closeWrapper"
    >
      <button
        className="container uui-button-box uui-enabled -clickable icon-button-night600 root uui-theme-loveship icon-button-color-night600 closeIcon"
        onClick={[Function]}
        tabIndex={0}
        type="button"
      >
        <div
          className="container uui-icon uui-enabled"
          style={Object {}}
        >
          <svg
            className=""
          />
        </div>
      </button>
    </div>
  </div>
</div>
`;
